kind:0	val:0	lev:-1	addr:7	name:
kind:2	val:0	lev:0	addr:3	name:x
kind:2	val:0	lev:0	addr:4	name:squ
kind:3	val:0	lev:0	addr:1	name:square
