kind:0	val:0	lev:-1	addr:7	name:
kind:1	val:10	lev:0	addr:0	name:a
kind:2	val:0	lev:0	addr:3	name:b
kind:2	val:0	lev:0	addr:4	name:c
kind:3	val:0	lev:0	addr:1	name:p
