6 0 19
5 0 4
1 0 10
1 0 2
8 0 3
3 1 3
1 0 10
1 0 3
8 0 4
3 1 4
2 1 3
2 1 4
8 0 8
7 0 18
2 1 3
2 1 4
8 0 1
3 1 5
8 0 0
5 0 6
8 0 12
3 0 4
8 0 12
3 0 5
2 0 4
8 0 11
2 0 5
8 0 11
2 0 3
8 0 11
4 0 1
2 0 3
8 0 14
7 0 40
2 0 4
8 0 13
1 0 1
8 0 1
3 0 4
6 0 31
8 0 0
