0:	6 0 7
1:	5 0 3
2:	2 1 3
3:	1 0 10
4:	8 0 1
5:	3 1 4
6:	8 0 0
7:	5 0 5
8:	8 0 12
9:	3 0 3
10:	2 0 3
11:	1 0 0
12:	8 0 9
13:	7 0 22
14:	4 0 1
15:	1 0 2
16:	2 0 4
17:	8 0 3
18:	8 0 11
19:	8 0 12
20:	3 0 3
21:	6 0 10
22:	8 0 0
