6 0 7
5 0 3
2 1 3
1 0 10
8 0 1
3 1 4
8 0 0
5 0 5
8 0 12
3 0 3
2 0 3
1 0 0
8 0 9
7 0 22
4 0 1
1 0 2
2 0 4
8 0 3
8 0 11
8 0 12
3 0 3
6 0 10
8 0 0
