0:	6 0 7
1:	5 0 3
2:	2 1 3
3:	2 1 3
4:	8 0 3
5:	3 1 4
6:	8 0 0
7:	5 0 5
8:	1 0 1
9:	3 0 3
10:	2 0 3
11:	1 0 10
12:	8 0 8
13:	7 0 22
14:	4 0 1
15:	2 0 4
16:	8 0 11
17:	2 0 3
18:	1 0 1
19:	8 0 1
20:	3 0 3
21:	6 0 10
22:	8 0 0
