6 0 48
5 0 4
1 0 1
3 1 4
1 0 2
3 0 3
2 0 3
2 1 3
8 0 6
7 0 27
2 1 3
2 0 3
8 0 4
2 0 3
8 0 3
2 1 3
8 0 10
7 0 22
1 0 0
3 1 4
2 1 3
3 0 3
2 0 3
1 0 1
8 0 1
3 0 3
6 0 6
8 0 0
5 0 3
1 0 2
3 1 3
2 1 3
1 0 100
8 0 6
7 0 47
4 1 1
2 1 4
1 0 1
8 0 10
7 0 42
2 1 3
8 0 11
2 1 3
1 0 1
8 0 1
3 1 3
6 0 31
8 0 0
5 0 5
4 0 28
8 0 0
