6 0 97
5 0 5
2 1 3
3 0 3
2 1 4
3 0 4
2 1 3
2 1 4
8 0 3
3 1 5
8 0 0
5 0 4
2 1 3
3 1 7
1 0 0
3 1 6
2 1 4
3 0 3
2 0 3
2 1 7
8 0 8
7 0 27
1 0 2
2 0 3
8 0 3
3 0 3
6 0 18
2 0 3
2 1 4
8 0 5
7 0 52
1 0 2
2 1 6
8 0 3
3 1 6
2 0 3
1 0 2
8 0 4
3 0 3
2 0 3
2 1 7
8 0 8
7 0 51
2 1 7
2 0 3
8 0 2
3 1 7
2 1 6
1 0 1
8 0 1
3 1 6
6 0 27
8 0 0
5 0 4
2 1 3
3 1 9
2 1 4
3 0 3
2 1 9
2 0 3
8 0 9
7 0 79
2 1 9
2 0 3
8 0 6
7 0 70
2 0 3
2 1 9
8 0 2
3 0 3
2 0 3
2 1 9
8 0 6
7 0 78
2 1 9
2 0 3
8 0 2
3 1 9
6 0 58
2 1 9
3 1 5
8 0 0
5 0 3
2 1 8
1 0 1
8 0 5
7 0 96
2 1 8
2 1 9
8 0 3
3 1 9
2 1 8
1 0 1
8 0 2
3 1 8
4 1 82
8 0 0
5 0 10
8 0 12
3 0 3
8 0 12
3 0 4
4 0 1
2 0 5
8 0 11
8 0 12
3 0 3
8 0 12
3 0 4
4 0 11
2 0 6
8 0 11
2 0 7
8 0 11
8 0 12
3 0 3
8 0 12
3 0 4
4 0 53
2 0 5
8 0 11
8 0 12
3 0 8
1 0 1
3 0 9
4 0 82
2 0 9
8 0 11
8 0 0
